[2025-12-17T22:06:01.821+0000] {local_task_job_runner.py:120} INFO - ::group::Pre task execution logs
[2025-12-17T22:06:01.837+0000] {taskinstance.py:2076} INFO - Dependencies all met for dep_context=non-requeueable deps ti=<TaskInstance: update_db.staging_table scheduled__2025-12-16T01:45:00+00:00 [queued]>
[2025-12-17T22:06:01.842+0000] {taskinstance.py:2076} INFO - Dependencies all met for dep_context=requeueable deps ti=<TaskInstance: update_db.staging_table scheduled__2025-12-16T01:45:00+00:00 [queued]>
[2025-12-17T22:06:01.842+0000] {taskinstance.py:2306} INFO - Starting attempt 1 of 1
[2025-12-17T22:06:01.848+0000] {taskinstance.py:2330} INFO - Executing <Task(_PythonDecoratedOperator): staging_table> on 2025-12-16 01:45:00+00:00
[2025-12-17T22:06:01.851+0000] {standard_task_runner.py:63} INFO - Started process 316 to run task
[2025-12-17T22:06:01.854+0000] {standard_task_runner.py:90} INFO - Running: ['airflow', 'tasks', 'run', 'update_db', 'staging_table', 'scheduled__2025-12-16T01:45:00+00:00', '--job-id', '27', '--raw', '--subdir', 'DAGS_FOLDER/main.py', '--cfg-path', '/tmp/tmpgfmo3sp3']
[2025-12-17T22:06:01.856+0000] {standard_task_runner.py:91} INFO - Job 27: Subtask staging_table
[2025-12-17T22:06:01.896+0000] {task_command.py:426} INFO - Running <TaskInstance: update_db.staging_table scheduled__2025-12-16T01:45:00+00:00 [running]> on host 9ba82346e0a1
[2025-12-17T22:06:01.945+0000] {taskinstance.py:2648} INFO - Exporting env vars: AIRFLOW_CTX_DAG_EMAIL='data@engineers.com' AIRFLOW_CTX_DAG_OWNER='airflow' AIRFLOW_CTX_DAG_ID='update_db' AIRFLOW_CTX_TASK_ID='staging_table' AIRFLOW_CTX_EXECUTION_DATE='2025-12-16T01:45:00+00:00' AIRFLOW_CTX_TRY_NUMBER='1' AIRFLOW_CTX_DAG_RUN_ID='scheduled__2025-12-16T01:45:00+00:00'
[2025-12-17T22:06:01.946+0000] {taskinstance.py:430} INFO - ::endgroup::
[2025-12-17T22:06:01.956+0000] {base.py:84} INFO - Using connection ID 'POSTGRES_DB_YT_ELT' for task execution.
[2025-12-17T22:06:01.967+0000] {data_loading.py:13} INFO - Processing file: YT_data(2025-12-17.json)
[2025-12-17T22:06:01.974+0000] {base.py:84} INFO - Using connection ID 'POSTGRES_DB_YT_ELT' for task execution.
[2025-12-17T22:06:01.983+0000] {base.py:84} INFO - Using connection ID 'POSTGRES_DB_YT_ELT' for task execution.
[2025-12-17T22:06:02.002+0000] {dwh.py:54} ERROR - Error processing staging table: 'video_id'
[2025-12-17T22:06:02.003+0000] {taskinstance.py:441} INFO - ::group::Post task execution logs
[2025-12-17T22:06:02.004+0000] {taskinstance.py:2905} ERROR - Task failed with exception
Traceback (most recent call last):
  File "/opt/airflow/dags/datawarehouse/data_modification.py", line 15, in insert_rows
    cur.execute(
  File "/home/airflow/.local/lib/python3.10/site-packages/psycopg2/extras.py", line 236, in execute
    return super().execute(query, vars)
KeyError: 'video_id'

During handling of the above exception, another exception occurred:

Traceback (most recent call last):
  File "/home/airflow/.local/lib/python3.10/site-packages/airflow/models/taskinstance.py", line 465, in _execute_task
    result = _execute_callable(context=context, **execute_callable_kwargs)
  File "/home/airflow/.local/lib/python3.10/site-packages/airflow/models/taskinstance.py", line 432, in _execute_callable
    return execute_callable(context=context, **execute_callable_kwargs)
  File "/home/airflow/.local/lib/python3.10/site-packages/airflow/models/baseoperator.py", line 401, in wrapper
    return func(self, *args, **kwargs)
  File "/home/airflow/.local/lib/python3.10/site-packages/airflow/decorators/base.py", line 265, in execute
    return_value = super().execute(context)
  File "/home/airflow/.local/lib/python3.10/site-packages/airflow/models/baseoperator.py", line 401, in wrapper
    return func(self, *args, **kwargs)
  File "/home/airflow/.local/lib/python3.10/site-packages/airflow/operators/python.py", line 235, in execute
    return_value = self.execute_callable()
  File "/home/airflow/.local/lib/python3.10/site-packages/airflow/operators/python.py", line 252, in execute_callable
    return self.python_callable(*self.op_args, **self.op_kwargs)
  File "/opt/airflow/dags/datawarehouse/dwh.py", line 55, in staging_table
    raise e
  File "/opt/airflow/dags/datawarehouse/dwh.py", line 36, in staging_table
    insert_rows(cur, conn, schema, row)
  File "/opt/airflow/dags/datawarehouse/data_modification.py", line 43, in insert_rows
    logger.error(f"Error inserting row with Video_ID: {row[video_id]}")
KeyError: 'video_id'
[2025-12-17T22:06:02.013+0000] {taskinstance.py:1206} INFO - Marking task as FAILED. dag_id=update_db, task_id=staging_table, run_id=scheduled__2025-12-16T01:45:00+00:00, execution_date=20251216T014500, start_date=20251217T220601, end_date=20251217T220602
[2025-12-17T22:06:02.018+0000] {standard_task_runner.py:110} ERROR - Failed to execute job 27 for task staging_table ('video_id'; 316)
[2025-12-17T22:06:02.067+0000] {local_task_job_runner.py:240} INFO - Task exited with return code 1
[2025-12-17T22:06:02.086+0000] {taskinstance.py:3503} INFO - 0 downstream tasks scheduled from follow-on schedule check
[2025-12-17T22:06:02.088+0000] {local_task_job_runner.py:222} INFO - ::endgroup::
